***** External Functions *****
1    AddFontRegistrationToLog                           isrt.obl(Misc.obs)
2    AppSearch                                          isrt.obl(Driver.obs)
3    CCPSearch                                          isrt.obl(Driver.obs)
4    ChangeDirectory                                    isrt.obl(Files.obs)
5    CloseFile                                          isrt.obl(Files.obs)
6    CmdGetHwndDlg                                      isrt.obl(CustomDialog.obs)
7    ComponentAddFileToLog                              isrt.obl(component.obs)
8    ComponentCompareSizeRequired                       isrt.obl(component.obs)
9    ComponentGetData                                   isrt.obl(component.obs)
10   ComponentGetTotalCost                              isrt.obl(component.obs)
11   ComponentIsItemSelected                            isrt.obl(component.obs)
12   ComponentListItems                                 isrt.obl(component.obs)
13   ComponentSelectItem                                isrt.obl(component.obs)
14   ComponentTreeInit                                  isrt.obl(Dialogs.obs)
15   CreateDir                                          isrt.obl(Files.obs)
16   CreateFile                                         isrt.obl(Files.obs)
17   CreateInstallationInfo                             isrt.obl(Registry.obs)
18   CreateRegistrySet                                  isrt.obl(Feature.obs)
19   CtrlGetDlgItem                                     isrt.obl(CustomDialog.obs)
20   CtrlGetNotificationCode                            isrt.obl(CustomDialog.obs)
21   CtrlGetState                                       isrt.obl(CustomDialog.obs)
22   CtrlGetSubCommand                                  isrt.obl(CustomDialog.obs)
23   CtrlGetText                                        isrt.obl(CustomDialog.obs)
24   CtrlSelectText                                     isrt.obl(CustomDialog.obs)
25   CtrlSetMLERTFText                                  isrt.obl(CustomDialog.obs)
26   CtrlSetMLEText                                     isrt.obl(CustomDialog.obs)
27   CtrlSetState                                       isrt.obl(CustomDialog.obs)
28   CtrlSetText                                        isrt.obl(CustomDialog.obs)
29   DIFxDriverPackageUninstall                         isrt.obl(ISDIFx.obs)
30   DRMINSTALLERPRO.DRMInstallPRO                      isrt.obl(Activation.obs)
31   DRMINSTALLERPRO.DRMUnInstallPRO                    isrt.obl(Activation.obs)
32   DefineDialog                                       isrt.obl(CustomDialog.obs)
33   Delay                                              isrt.obl(Misc.obs)
34   DeleteFile                                         isrt.obl(Files.obs)
35   DeleteSingleFile                                   isrt.obl(Files.obs)
36   DialogSetDefaultFont                               isrt.obl(Dialogs.obs)
37   DialogSetFont                                      isrt.obl(Dialogs.obs)
38   DialogSetInfo                                      isrt.obl(Dialogs.obs)
39   Disable                                            isrt.obl(Enable.obs)
40   DllSizeOf                                          isrt.obl(Str.obs)
41   Do                                                 isrt.obl(Misc.obs)
42   Enable                                             isrt.obl(Enable.obs)
43   EndCurrentDialog                                   isrt.obl(Dialogs.obs)
44   EndDialog                                          isrt.obl(CustomDialog.obs)
45   EnterDisk                                          isrt.obl(ISRTScriptDialogs.obs)
46   EnterDiskError                                     isrt.obl(ISRTScriptDialogs.obs)
47   EnterPassword                                      isrt.obl(ISRTScriptDialogs.obs)
48   ExistsDir                                          isrt.obl(Files.obs)
49   ExistsDisk                                         isrt.obl(Files.obs)
50   ExitInstall                                        isrt.obl(Driver.obs)
51   EzDefineDialog                                     isrt.obl(CustomDialog.obs)
52   FeatureAddFileToLog                                isrt.obl(Feature.obs)
53   FeatureCompareSizeRequired                         isrt.obl(Feature.obs)
54   FeatureConfigureFeaturesFromSuite                  isrt.obl(Feature.obs)
55   FeatureErrorInfo                                   isrt.obl(Feature.obs)
56   FeatureFilterLanguage                              isrt.obl(Feature.obs)
57   FeatureFilterOS                                    isrt.obl(Feature.obs)
58   FeatureGetData                                     isrt.obl(Feature.obs)
59   FeatureGetTotalCost                                isrt.obl(Feature.obs)
60   FeatureIsItemSelected                              isrt.obl(Feature.obs)
61   FeatureListItems                                   isrt.obl(Feature.obs)
62   FeaturePatch                                       isrt.obl(Feature.obs)
63   FeatureReinstall                                   isrt.obl(Feature.obs)
64   FeatureRemoveAllInLogOnly                          isrt.obl(Feature.obs)
65   FeatureRemoveAllInMedia                            isrt.obl(Feature.obs)
66   FeatureRemoveAllInMediaAndLog                      isrt.obl(Feature.obs)
67   FeatureSaveTarget                                  isrt.obl(Feature.obs)
68   FeatureSelectItem                                  isrt.obl(Feature.obs)
69   FeatureSelectNew                                   isrt.obl(Feature.obs)
70   FeatureTransferData                                isrt.obl(Feature.obs)
71   FeatureUpdate                                      isrt.obl(Feature.obs)
72   FeatureValidate                                    isrt.obl(Feature.obs)
73   FinalConstruct                                     ifx.obl(EventsPriv.obs)
74   FinalRelease                                       ifx.obl(EventsPriv.obs)
75   FindFile                                           isrt.obl(Files.obs)
76   FormatMessage                                      isrt.obl(Misc.obs)
77   GDI32.AddFontResource                              Setup.obs
78   GDI32.CreateRectRgn                                Setup.obs
79   GDI32.GetDeviceCaps                                Setup.obs
80   GDI32.RemoveFontResource                           Setup.obs
81   GetAddRemove                                       isrt.obl(SysVars.obs)
82   GetBillboard                                       isrt.obl(SysVars.obs)
83   GetCmdLine                                         isrt.obl(SysVars.obs)
84   GetCurrentDialogName                               isrt.obl(Dialogs.obs)
85   GetCurrentDir                                      isrt.obl(Files.obs)
86   GetDialogTitle                                     isrt.obl(Dialogs.obs)
87   GetDir                                             isrt.obl(Str.obs)
88   GetDisk                                            isrt.obl(Str.obs)
89   GetDiskSpace                                       isrt.obl(GSI.obs)
90   GetDiskSpaceEx                                     isrt.obl(GSI.obs)
91   GetEnabledIServices                                isrt.obl(SysVars.obs)
92   GetErrorMsg                                        isrt.obl(Dialogs.obs)
93   GetErrorTitle                                      isrt.obl(Dialogs.obs)
94   GetExtents                                         isrt.obl(GSI.obs)
95   GetFolderApplications                              isrt.obl(SysVars.obs)
96   GetFolderApplications64                            isrt.obl(SysVars.obs)
97   GetFolderDotNet10                                  isrt.obl(SysVars.obs)
98   GetFolderDotNet11                                  isrt.obl(SysVars.obs)
99   GetFolderDotNet20                                  isrt.obl(SysVars.obs)
100  GetFolderFonts                                     isrt.obl(SysVars.obs)
101  GetISRes                                           isrt.obl(SysVars.obs)
102  GetInstallScriptMSI                                isrt.obl(SysVars.obs)
103  GetInstanceGUID                                    isrt.obl(SysVars.obs)
104  GetKeyPathWinCurrVerAuto                           isrt.obl(SysVars.obs)
105  GetLog                                             isrt.obl(SysVars.obs)
106  GetLogEx                                           isrt.obl(SysVars.obs)
107  GetMaintOption                                     isrt.obl(SysVars.obs)
108  GetMaintenance                                     isrt.obl(SysVars.obs)
109  GetMultiInstanceCount                              isrt.obl(SysVars.obs)
110  GetOpenFileMode                                    isrt.obl(Files.obs)
111  GetPackageLocation                                 isrt.obl(SysVars.obs)
112  GetProductGUID                                     isrt.obl(SysVars.obs)
113  GetProfString                                      isrt.obl(Profile.obs)
114  GetProgramFiles                                    isrt.obl(SysVars.obs)
115  GetReinstallMode                                   isrt.obl(SysVars.obs)
116  GetRemoveAllMode                                   isrt.obl(SysVars.obs)
117  GetRemoveOnly                                      isrt.obl(SysVars.obs)
118  GetSelectedTreeComponent                           isrt.obl(CmptView.obs)
119  GetShowPasswordDialog                              isrt.obl(SysVars.obs)
120  GetStandardSelectedLanguage                        isrt.obl(SysVars.obs)
121  GetSuiteHosted                                     isrt.obl(SysVars.obs)
122  GetSupportDir                                      isrt.obl(SysVars.obs)
123  GetSystemInfo                                      isrt.obl(GSI.obs)
124  GetTempFolder                                      isrt.obl(SysVars.obs)
125  GetTrueTypeFontFileInfo                            isrt.obl(Misc.obs)
126  GetUserSelectableAuto                              isrt.obl(SysVars.obs)
127  GetWinDir                                          isrt.obl(SysVars.obs)
128  GetWinSysDir                                       isrt.obl(SysVars.obs)
129  GetWindowHandle                                    isrt.obl(Misc.obs)
130  HIWORD                                             isrt.obl(Misc.obs)
131  ISDeterminePlatform                                isrt.obl(OsInfo.obs)
132  ISMIF32.InstallStatusMIF                           isrt.obl(MIF.obs)
133  ISRT.ComponentViewSetInfoEx                        isrt.obl(Dialogs.obs)
134  ISRT.EnableHourGlass                               isrt.obl(Enable.obs)
135  ISRT.GetCPUType                                    isrt.obl(GSI.obs)
136  ISRT.GetFontSub                                    isrt.obl(Dialogs.obs)
137  ISRT.GetHandle                                     Setup.obs
138  ISRT.GetPorts                                      isrt.obl(GSI.obs)
139  ISRT.IsEmpty                                       Setup.obs
140  ISRT.IsNTAdmin                                     isrt.obl(Is.obs)
141  ISRT.IsObject                                      Setup.obs
142  ISRT.IsPowerUser                                   isrt.obl(Is.obs)
143  ISRT.LangLoadString                                isrt.obl(SDINT.obs)
144  ISRT.MessageBeepP                                  Setup.obs
145  ISRT.PathGetDir                                    isrt.obl(Str.obs)
146  ISRT.PathGetDrive                                  isrt.obl(Str.obs)
147  ISRT.PathGetFile                                   isrt.obl(Files.obs)
148  ISRT.PathGetFileExt                                isrt.obl(Str.obs)
149  ISRT.PathGetFileName                               isrt.obl(Str.obs)
150  ISRT.PathGetPath                                   isrt.obl(Str.obs)
151  ISRT.PathIsValidSyntax                             isrt.obl(Is.obs)
152  ISRT.VerGetFileVersion                             Setup.obs
153  ISRT._AppSearch                                    Setup.obs
154  ISRT._BrowseForFolder                              isrt.obl(ISRTScriptDialogsPriv.obs)
155  ISRT._CCPSearch                                    Setup.obs
156  ISRT._CleanupInet                                  isrt.obl(MIO.obs)
157  ISRT._CloseFile                                    isrt.obl(Files.obs)
158  ISRT._CmdGetHwndDlg                                isrt.obl(CustomDialog.obs)
159  ISRT._CompareDWORD                                 isrt.obl(Extend.obs)
160  ISRT._ComponentCompareSizeRequired                 isrt.obl(Feature.obs)
161  ISRT._ComponentErrorInfo                           isrt.obl(Feature.obs)
162  ISRT._ComponentFilterLanguage                      isrt.obl(Feature.obs)
163  ISRT._ComponentFilterOS                            isrt.obl(Feature.obs)
164  ISRT._ComponentGetData                             isrt.obl(Feature.obs)
165  ISRT._ComponentGetTotalCost                        isrt.obl(Feature.obs)
166  ISRT._ComponentGetTotalCostEx                      Setup.obs
167  ISRT._ComponentIsItemSelected                      isrt.obl(Feature.obs)
168  ISRT._ComponentListItems                           isrt.obl(Feature.obs)
169  ISRT._ComponentPatch                               isrt.obl(Feature.obs)
170  ISRT._ComponentReinstall                           isrt.obl(Feature.obs)
171  ISRT._ComponentRemoveAll                           isrt.obl(Feature.obs)
172  ISRT._ComponentRemoveAllInLogOnly                  isrt.obl(Feature.obs)
173  ISRT._ComponentSaveTarget                          isrt.obl(Feature.obs)
174  ISRT._ComponentSelectItem                          isrt.obl(Feature.obs)
175  ISRT._ComponentSelectNew                           isrt.obl(Feature.obs)
176  ISRT._ComponentTransferData                        isrt.obl(Feature.obs)
177  ISRT._ComponentUpdate                              isrt.obl(Feature.obs)
178  ISRT._ComponentValidate                            isrt.obl(Feature.obs)
179  ISRT._CreateDir                                    isrt.obl(Files.obs)
180  ISRT._CreateRegistrySet                            isrt.obl(Feature.obs)
181  ISRT._CtrlGetNotificationCode                      isrt.obl(CustomDialog.obs)
182  ISRT._CtrlGetSubCommand                            isrt.obl(CustomDialog.obs)
183  ISRT._CtrlSetHtmlContent                           isrt.obl(CustomDialog.obs)
184  ISRT._CtrlSetMLERichText                           isrt.obl(CustomDialog.obs)
185  ISRT._CtrlSetMLERichTextEx                         isrt.obl(CustomDialog.obs)
186  ISRT._DIFxDriverPackageUninstall                   isrt.obl(ISDIFx.obs)
187  ISRT._DefineDialog                                 isrt.obl(CustomDialog.obs)
188  ISRT._DialogSetFont                                isrt.obl(Dialogs.obs)
189  ISRT._DisableStatus                                isrt.obl(Enable.obs)
190  ISRT._DoSprintf                                    isrt.obl(ISRTScriptDialogsPriv.obs)
191  ISRT._EnableDialogCache                            isrt.obl(Enable.obs)
192  ISRT._EnablePrevDialog                             Setup.obs
193  ISRT._EnableSkins                                  isrt.obl(Enable.obs)
194  ISRT._EnableStatus                                 isrt.obl(Enable.obs)
195  ISRT._EnableWow64FsRedirection                     isrt.obl(Enable.obs)
196  ISRT._EndDialog                                    isrt.obl(CustomDialog.obs)
197  ISRT._ExistsDir                                    isrt.obl(Files.obs)
198  ISRT._ExistsDisk                                   isrt.obl(Files.obs)
199  ISRT._ExistsFile                                   isrt.obl(Files.obs)
200  ISRT._ExitInstall                                  Setup.obs
201  ISRT._GetCurrentDialogName                         isrt.obl(Dialogs.obs)
202  ISRT._GetDiskSpaceEx                               isrt.obl(GSI.obs)
203  ISRT._GetDiskSpaceExEx                             Setup.obs
204  ISRT._GetGlobalFlags                               ifx.obl(EventsPriv.obs)
205  ISRT._GetGlobalMemorySize                          isrt.obl(GSI.obs)
206  ISRT._GetProcessorInfo                             isrt.obl(OsInfo.obs)
207  ISRT._GetSelectedTreeComponent                     isrt.obl(CmptView.obs)
208  ISRT._GetStandardLangId                            isrt.obl(Misc.obs)
209  ISRT._GetSupportDir                                isrt.obl(SysVars.obs)
210  ISRT._GetSystemDpi                                 isrt.obl(GSI.obs)
211  ISRT._GetTrueTypeFontFileInfo                      isrt.obl(Misc.obs)
212  ISRT._GetVirtualMachineType                        isrt.obl(GSI.obs)
213  ISRT._InetEndofTransfer                            isrt.obl(iftw.obs)
214  ISRT._InetGetNextDisk                              isrt.obl(iftw.obs)
215  ISRT._InitInstall                                  Setup.obs
216  ISRT._IsFontTypefaceNameAvailable                  isrt.obl(Is.obs)
217  ISRT._IsInAdminGroup                               isrt.obl(Is.obs)
218  ISRT._IsLangSupported                              isrt.obl(Is.obs)
219  ISRT._IsSkinLoaded                                 isrt.obl(Is.obs)
220  ISRT._IsVirtualMachine                             isrt.obl(OsInfo.obs)
221  ISRT._IsWindowsME                                  isrt.obl(GSI.obs)
222  ISRT._IsWow64                                      isrt.obl(OsInfo.obs)
223  ISRT._ListAddItem                                  isrt.obl(scrlist.obs)
224  ISRT._ListAddString                                isrt.obl(scrlist.obs)
225  ISRT._ListCount                                    isrt.obl(scrlist.obs)
226  ISRT._ListCreate                                   isrt.obl(scrlist.obs)
227  ISRT._ListCurrentString                            isrt.obl(scrlist.obs)
228  ISRT._ListDeleteItem                               isrt.obl(scrlist.obs)
229  ISRT._ListDeleteString                             isrt.obl(scrlist.obs)
230  ISRT._ListDestroy                                  isrt.obl(scrlist.obs)
231  ISRT._ListFindString                               isrt.obl(scrlist.obs)
232  ISRT._ListGetFirstItem                             isrt.obl(scrlist.obs)
233  ISRT._ListGetFirstString                           isrt.obl(scrlist.obs)
234  ISRT._ListGetNextItem                              isrt.obl(scrlist.obs)
235  ISRT._ListGetNextString                            isrt.obl(scrlist.obs)
236  ISRT._ListGetType                                  isrt.obl(scrlist.obs)
237  ISRT._ListReadFromFile                             isrt.obl(scrlist.obs)
238  ISRT._ListSetIndex                                 isrt.obl(scrlist.obs)
239  ISRT._MediaGetFilteringInfo                        isrt.obl(Feature.obs)
240  ISRT._MediaGetInfo                                 isrt.obl(Feature.obs)
241  ISRT._OnUninstPriv                                 Setup.obs
242  ISRT._OpenFile                                     isrt.obl(Files.obs)
243  ISRT._Preprogram                                   Setup.obs
244  ISRT._PrintFile                                    isrt.obl(Files.obs)
245  ISRT._Rebooted                                     Setup.obs
246  ISRT._RegCreateKey                                 isrt.obl(Registry.obs)
247  ISRT._RegDeleteValue                               isrt.obl(Registry.obs)
248  ISRT._RegEnableTextSubs                            isrt.obl(Enable.obs)
249  ISRT._RegGetOptions                                isrt.obl(SysVars.obs)
250  ISRT._RegIsRemoteRegConnected                      isrt.obl(Is.obs)
251  ISRT._RegQueryKeyBinaryValue                       isrt.obl(Registry.obs)
252  ISRT._RegQueryKeyValue                             isrt.obl(Registry.obs)
253  ISRT._RegSetKeyBinaryValue                         isrt.obl(Registry.obs)
254  ISRT._RegSetKeyValue                               isrt.obl(Registry.obs)
255  ISRT._RegSetOptions                                isrt.obl(SysVars.obs)
256  ISRT._ReleaseDialog                                isrt.obl(CustomDialog.obs)
257  ISRT._SdShowMsg                                    isrt.obl(ISRTScriptDialogsPriv.obs)
258  ISRT._SetAltMainImage                              isrt.obl(Dialogs.obs)
259  ISRT._SetAltMainImageEx                            isrt.obl(Dialogs.obs)
260  ISRT._SetDisplayEffect                             isrt.obl(ui.obs)
261  ISRT._SetDllDirectory                              isrt.obl(Enable.obs)
262  ISRT._SetGlobalFlags                               ifx.obl(EventsPriv.obs)
263  ISRT._SetPaletteFile                               isrt.obl(MIO.obs)
264  ISRT._SetSilentSdShowMsg                           isrt.obl(Enable.obs)
265  ISRT._SetTitle                                     isrt.obl(ui.obs)
266  ISRT._SetupInet                                    isrt.obl(MIO.obs)
267  ISRT._SetupTraceWrite                              isrt.obl(Misc.obs)
268  ISRT._ShowObjWizardPages                           isrt.obl(Objects.obs)
269  ISRT._ShowWizardPages                              Setup.obs
270  ISRT._StatusUpdate                                 isrt.obl(ui.obs)
271  ISRT._TreeViewCreate                               isrt.obl(CmptView.obs)
272  ISRT._WaitOnDialog                                 isrt.obl(CustomDialog.obs)
273  ISRT._WriteLine                                    isrt.obl(Files.obs)
274  ISRT.__CreateObjectContext                         isrt.obl(ISRTInit.obs)
275  ISRT.__GetCmdLineOptions                           isrt.obl(ISRTInit.obs)
276  ISRT.__GetContextGUID                              isrt.obl(ISRTInit.obs)
277  ISRT.__GetEnabledIServices                         isrt.obl(SysVars.obs)
278  ISRT.__GetFileRegistrar                            isrt.obl(ISRTInit.obs)
279  ISRT.__GetInfo                                     isrt.obl(ISRTInit.obs)
280  ISRT.__GetInstallGuid                              isrt.obl(SysVars.obs)
281  ISRT.__GetLog                                      isrt.obl(SysVars.obs)
282  ISRT.__GetLogDB                                    isrt.obl(ISRTInit.obs)
283  ISRT.__GetLogEx                                    isrt.obl(SysVars.obs)
284  ISRT.__GetMainWindow                               Setup.obs
285  ISRT.__GetMaintOption                              isrt.obl(SysVars.obs)
286  ISRT.__GetMaintenanceMode                          isrt.obl(SysVars.obs)
287  ISRT.__GetObjects                                  isrt.obl(ISRTInit.obs)
288  ISRT.__GetProductGuid                              isrt.obl(SysVars.obs)
289  ISRT.__GetProgress                                 Setup.obs
290  ISRT.__GetReboot                                   isrt.obl(ISRTInit.obs)
291  ISRT.__GetReinstallMode                            isrt.obl(SysVars.obs)
292  ISRT.__GetRemoveAllMode                            isrt.obl(SysVars.obs)
293  ISRT.__GetTextSub                                  isrt.obl(ISRTInit.obs)
294  ISRT.__GetUpdateMode                               isrt.obl(SysVars.obs)
295  ISRT.__GetUser                                     isrt.obl(MIO.obs)
296  ISRT.__ISRTGetPropertyBag                          ifx.obl(PersistPropertyBag.obs)
297  ISRT.__ISRTReleasePropertyBag                      ifx.obl(PersistPropertyBag.obs)
298  ISRT.__LoadString                                  isrt.obl(LoadStr.obs)
299  ISRT.__PutEnabledIServices                         isrt.obl(Enable.obs)
300  ISRT.__ReleaseObjectContext                        isrt.obl(ISRTInit.obs)
301  ISRT.__RestoreMainLog                              isrt.obl(ISRTInit.obs)
302  ISRT.__RestoreMainLogEx                            isrt.obl(ISRTInit.obs)
303  ISRT.__SetComponentLog                             isrt.obl(ISRTInit.obs)
304  ISRT.__SetUpdateMode                               isrt.obl(SysVars.obs)
305  ISRTHandleScriptException                          isrt.obl(Misc.obs)
306  ISRTOnUninstPriv                                   isrt.obl(Driver.obs)
307  ISRTPreprogram                                     isrt.obl(Driver.obs)
308  IfxFilterComponents                                ifx.obl(EventsSetupPriv.obs)
309  IfxFinalConstruct                                  ifx.obl(EventsSetupPriv.obs)
310  IfxFinalRelease                                    ifx.obl(EventsSetupPriv.obs)
311  IfxInitProperties                                  ifx.obl(PersistPropertyBag.obs)
312  IfxOnAbortInstall                                  ifx.obl(EventsPriv.obs)
313  IfxOnAppSearch                                     ifx.obl(EventsPriv.obs)
314  IfxOnCCPSearch                                     ifx.obl(EventsPriv.obs)
315  IfxOnCanceling                                     ifx.obl(EventsPriv.obs)
316  IfxOnDisk1Installed                                ifx.obl(EventsSetupPriv.obs)
317  IfxOnDisk1Installing                               ifx.obl(EventsSetupPriv.obs)
318  IfxOnExitInstall                                   ifx.obl(EventsSetupPriv.obs)
319  IfxOnFileError                                     ifx.obl(EventsSetupPriv.obs)
320  IfxOnFileLocked                                    ifx.obl(EventsSetupPriv.obs)
321  IfxOnFileReadOnly                                  ifx.obl(EventsSetupPriv.obs)
322  IfxOnGeneralScriptOp                               ifx.obl(EventsPriv.obs)
323  IfxOnHelp                                          ifx.obl(EventsPriv.obs)
324  IfxOnInitInstall                                   ifx.obl(EventsSetupPriv.obs)
325  IfxOnInternetError                                 ifx.obl(EventsSetupPriv.obs)
326  IfxOnMD5Error                                      ifx.obl(EventsSetupPriv.obs)
327  IfxOnNextDisk                                      ifx.obl(EventsSetupPriv.obs)
328  IfxOnRebooted                                      ifx.obl(EventsPriv.obs)
329  IfxOnRemovingSharedFile                            ifx.obl(EventsSetupPriv.obs)
330  IfxOnShowWizardPages                               ifx.obl(EventsSetupPriv.obs)
331  IfxOnTransferred                                   ifx.obl(EventsPriv.obs)
332  IfxOnTransferring                                  ifx.obl(EventsSetupPriv.obs)
333  IfxOnUnhandledException                            ifx.obl(EventsPriv.obs)
334  IfxOnUninst                                        ifx.obl(EventsSetupPriv.obs)
335  IfxOnUninstPriv                                    ifx.obl(EventsSetupPriv.obs)
336  IfxPostprogram                                     ifx.obl(EventsSetupPriv.obs)
337  IfxPreprogram                                      ifx.obl(EventsSetupPriv.obs)
338  IfxReadProperties                                  ifx.obl(PersistPropertyBag.obs)
339  IfxRunAfterReboot                                  ifx.obl(EventsSetupPriv.obs)
340  IfxWriteProperties                                 ifx.obl(PersistPropertyBag.obs)
341  InetEndofTransfer                                  isrt.obl(iftw.obs)
342  InetNextDisk                                       isrt.obl(iftw.obs)
343  InitInstall                                        isrt.obl(Driver.obs)
344  InitProperties                                     ifx.obl(PersistPropertyBag.obs)
345  Is                                                 isrt.obl(Is.obs)
346  IsInetInstall                                      isrt.obl(iftw.obs)
347  KERNEL.GetModuleHandle                             Setup.obs
348  KERNEL32.CloseHandle                               Setup.obs
349  KERNEL32.CreateFileW                               Setup.obs
350  KERNEL32.DeleteFileW                               Setup.obs
351  KERNEL32.FindClose                                 Setup.obs
352  KERNEL32.FindFirstFileW                            Setup.obs
353  KERNEL32.FindNextFileW                             Setup.obs
354  KERNEL32.FormatMessageW                            Setup.obs
355  KERNEL32.FreeLibrary                               Setup.obs
356  KERNEL32.GetCurrentDirectoryW                      Setup.obs
357  KERNEL32.GetDriveType                              Setup.obs
358  KERNEL32.GetFileAttributesW                        Setup.obs
359  KERNEL32.GetLocalTime                              Setup.obs
360  KERNEL32.GetLocaleInfo                             Setup.obs
361  KERNEL32.GetPrivateProfileString                   Setup.obs
362  KERNEL32.GetPrivateProfileStringW                  Setup.obs
363  KERNEL32.GetProcAddress                            Setup.obs
364  KERNEL32.GetProfileStringW                         Setup.obs
365  KERNEL32.GetSystemDefaultLCID                      Setup.obs
366  KERNEL32.GetSystemDefaultLangID                    Setup.obs
367  KERNEL32.GetSystemDefaultUILanguage                Setup.obs
368  KERNEL32.GetTickCount                              Setup.obs
369  KERNEL32.GetUserDefaultLangID                      Setup.obs
370  KERNEL32.GetVersion                                Setup.obs
371  KERNEL32.GetVersionEx                              Setup.obs
372  KERNEL32.GetVolumeInformation                      Setup.obs
373  KERNEL32.GetWindowsDirectory                       Setup.obs
374  KERNEL32.LoadLibraryW                              Setup.obs
375  KERNEL32.SetCurrentDirectoryW                      Setup.obs
376  KERNEL32.SetFileAttributesW                        Setup.obs
377  KERNEL32.Sleep                                     Setup.obs
378  KERNEL32.WritePrivateProfileString                 Setup.obs
379  KERNEL32.WritePrivateProfileStringW                Setup.obs
380  KERNEL32.WriteProfileStringW                       Setup.obs
381  KERNEL32.lstrlenW                                  Setup.obs
382  LOWORD                                             isrt.obl(Misc.obs)
383  LaunchAppAndWaitInitStartupInfo                    isrt.obl(Extend.obs)
384  LaunchApplicationInit                              isrt.obl(Extend.obs)
385  ListAddItem                                        isrt.obl(scrlist.obs)
386  ListAddString                                      isrt.obl(scrlist.obs)
387  ListCount                                          isrt.obl(scrlist.obs)
388  ListCreate                                         isrt.obl(scrlist.obs)
389  ListCurrentString                                  isrt.obl(scrlist.obs)
390  ListDeleteItem                                     isrt.obl(scrlist.obs)
391  ListDeleteString                                   isrt.obl(scrlist.obs)
392  ListDestroy                                        isrt.obl(scrlist.obs)
393  ListFindString                                     isrt.obl(scrlist.obs)
394  ListGetFirstItem                                   isrt.obl(scrlist.obs)
395  ListGetFirstString                                 isrt.obl(scrlist.obs)
396  ListGetNextItem                                    isrt.obl(scrlist.obs)
397  ListGetNextString                                  isrt.obl(scrlist.obs)
398  ListGetType                                        isrt.obl(scrlist.obs)
399  ListReadFromFile                                   isrt.obl(scrlist.obs)
400  ListSetIndex                                       isrt.obl(scrlist.obs)
401  ListValid                                          isrt.obl(scrlist.obs)
402  ListValidType                                      isrt.obl(scrlist.obs)
403  LoadStringFromStringTable                          isrt.obl(Str.obs)
404  LogReadCustomString                                isrt.obl(Misc.obs)
405  LogReadCustomVariant                               isrt.obl(Misc.obs)
406  LogWriteCustomString                               isrt.obl(Misc.obs)
407  LogWriteCustomVariant                              isrt.obl(Misc.obs)
408  LongPathToQuote                                    isrt.obl(Str.obs)
409  MAKELONG                                           isrt.obl(Misc.obs)
410  MIFCreateMIFFile                                   isrt.obl(MIF.obs)
411  MIFDeleteMIFFile                                   isrt.obl(MIF.obs)
412  MIFInitialize                                      isrt.obl(MIF.obs)
413  MIFSetInformation                                  isrt.obl(MIF.obs)
414  MIFUnInitialize                                    isrt.obl(MIF.obs)
415  MIFWasSetInformationCalled                         isrt.obl(MIF.obs)
416  MIOShutdown                                        isrt.obl(MIO.obs)
417  MIOStartup                                         isrt.obl(MIO.obs)
418  MaintenanceStart                                   isrt.obl(Registry.obs)
419  MediaGetData                                       isrt.obl(Feature.obs)
420  MediaGetDataEx                                     isrt.obl(Feature.obs)
421  MessageBeep                                        isrt.obl(Misc.obs)
422  MessageBox                                         isrt.obl(ISRTScriptDialogsPriv.obs)
423  MessageBoxEx                                       isrt.obl(ISRTScriptDialogsPriv.obs)
424  OnAbort                                            ifx.obl(EventsSetup.obs)
425  OnAppSearch                                        Setup.obs
426  OnBegin                                            Setup.obs
427  OnCCPSearch                                        ifx.obl(EventsSetup.obs)
428  OnCanceling                                        ifx.obl(EventsSetup.obs)
429  OnCheckMediaPassword                               ifx.obl(EventsSetup.obs)
430  OnComponentError                                   ifx.obl(EventsSetup.obs)
431  OnCustomizeUninstInfo                              ifx.obl(EventsSetup.obs)
432  OnDIFxLogCallback                                  ifx.obl(EventsSetup.obs)
433  OnDIFxLogCallbackImpl                              isrt.obl(ISDIFx.obs)
434  OnEnd                                              ifx.obl(EventsSetup.obs)
435  OnFileError                                        ifx.obl(EventsSetup.obs)
436  OnFileLocked                                       ifx.obl(EventsSetup.obs)
437  OnFileReadOnly                                     ifx.obl(EventsSetup.obs)
438  OnFilterComponents                                 ifx.obl(EventsSetup.obs)
439  OnFirstUIAfter                                     ifx.obl(EventsSetup.obs)
440  OnFirstUIBefore                                    Setup.obs
441  OnHelp                                             ifx.obl(EventsSetup.obs)
442  OnIISAppPoolUninstalling                           ifx.obl(EventsPriv.obs)
443  OnIISCheckRequirements                             Setup.obs
444  OnIISComponentInstalled                            ifx.obl(EventsPriv.obs)
445  OnIISInitialize                                    ifx.obl(EventsPriv.obs)
446  OnIISUninitialize                                  ifx.obl(EventsPriv.obs)
447  OnIISVRootUninstalling                             ifx.obl(EventsPriv.obs)
448  OnIISWebServiceExtensionUninstalling               ifx.obl(EventsPriv.obs)
449  OnIISWebSiteUninstalling                           ifx.obl(EventsPriv.obs)
450  OnInstallDRMService                                isrt.obl(Activation.obs)
451  OnInstalledFile                                    ifx.obl(EventsSetup.obs)
452  OnInstalledFontFile                                ifx.obl(EventsSetup.obs)
453  OnInstallingFile                                   ifx.obl(EventsSetup.obs)
454  OnInternetError                                    ifx.obl(EventsSetup.obs)
455  OnLaunchAppAndWaitCallback                         ifx.obl(EventsSetup.obs)
456  OnMD5Error                                         ifx.obl(EventsSetup.obs)
457  OnMaintUIAfter                                     ifx.obl(EventsSetup.obs)
458  OnMaintUIBefore                                    ifx.obl(EventsSetup.obs)
459  OnMoveData                                         ifx.obl(EventsSetup.obs)
460  OnMoved                                            ifx.obl(EventsSetup.obs)
461  OnMoving                                           ifx.obl(EventsSetup.obs)
462  OnNetApiCreateUserAccount                          ifx.obl(EventsSetup.obs)
463  OnNetApiCreateUserAccountInternal                  isrt.obl(NetApiRT.obs)
464  OnNextDisk                                         ifx.obl(EventsSetup.obs)
465  OnRebooted                                         ifx.obl(EventsSetup.obs)
466  OnRemovingSharedFile                               ifx.obl(EventsSetup.obs)
467  OnSQLBatchScripts                                  ifx.obl(EventsPriv.obs)
468  OnSQLComponentInstalled                            ifx.obl(EventsPriv.obs)
469  OnSQLComponentUninstalled                          ifx.obl(EventsPriv.obs)
470  OnSQLServerInitialize                              ifx.obl(EventsPriv.obs)
471  OnSQLServerInitializeMaint                         ifx.obl(EventsPriv.obs)
472  OnSelfRegistrationError                            ifx.obl(EventsSetup.obs)
473  OnSetTARGETDIR                                     ifx.obl(EventsSetup.obs)
474  OnSetUpdateMode                                    ifx.obl(EventsSetup.obs)
475  OnShowUI                                           ifx.obl(EventsSetup.obs)
476  OnSuiteInstallAfter                                ifx.obl(EventsSetup.obs)
477  OnSuiteInstallBefore                               ifx.obl(EventsSetup.obs)
478  OnSuiteMaintAfter                                  ifx.obl(EventsSetup.obs)
479  OnSuiteMaintBefore                                 ifx.obl(EventsSetup.obs)
480  OnSuiteShowUI                                      ifx.obl(EventsSetup.obs)
481  OnSuiteUpdateAfter                                 ifx.obl(EventsSetup.obs)
482  OnSuiteUpdateBefore                                ifx.obl(EventsSetup.obs)
483  OnUnInstallDRMService                              isrt.obl(Activation.obs)
484  OnUnhandledException                               ifx.obl(EventsPriv.obs)
485  OnUninstall                                        ifx.obl(EventsSetup.obs)
486  OnUninstalledFile                                  ifx.obl(EventsSetup.obs)
487  OnUninstallingDIFxDriverFile                       ifx.obl(EventsSetup.obs)
488  OnUninstallingFile                                 ifx.obl(EventsSetup.obs)
489  OnUninstallingFontFile                             ifx.obl(EventsSetup.obs)
490  OnUpdateUIAfter                                    ifx.obl(EventsSetup.obs)
491  OnUpdateUIBefore                                   ifx.obl(EventsSetup.obs)
492  OnXMLComponentInstalled                            ifx.obl(EventsPriv.obs)
493  OnXMLComponentUninstalling                         ifx.obl(EventsPriv.obs)
494  OnXMLInitialize                                    ifx.obl(EventsPriv.obs)
495  OnXMLUninitialize                                  ifx.obl(EventsPriv.obs)
496  OpenFileMode                                       isrt.obl(Files.obs)
497  ParsePath                                          isrt.obl(Str.obs)
498  Postprogram                                        ifx.obl(EventsSetupPriv.obs)
499  Preprogram                                         ifx.obl(EventsSetupPriv.obs)
500  PrintFile                                          isrt.obl(Files.obs)
501  PthFixPath                                         isrt.obl(Pth.obs)
502  PthIsAbsPath                                       isrt.obl(Pth.obs)
503  ReadProperties                                     ifx.obl(PersistPropertyBag.obs)
504  Rebooted                                           isrt.obl(Driver.obs)
505  RegDBDeleteItem                                    isrt.obl(Registry.obs)
506  RegDBDeleteValue                                   isrt.obl(Registry.obs)
507  RegDBDeleteValueEx                                 isrt.obl(Registry.obs)
508  RegDBDeleteValueEx32                               isrt.obl(Registry.obs)
509  RegDBGetItem                                       isrt.obl(Registry.obs)
510  RegDBGetKeyValueEx                                 isrt.obl(Registry.obs)
511  RegDBQueryValue                                    isrt.obl(Registry.obs)
512  RegDBQueryValue32                                  isrt.obl(Registry.obs)
513  RegDBSetItem                                       isrt.obl(Registry.obs)
514  RegDBSetKeyValueEx                                 isrt.obl(Registry.obs)
515  RegDBSetValue                                      isrt.obl(Registry.obs)
516  RegDBSetValue32                                    isrt.obl(Registry.obs)
517  RegDBSetVersion                                    isrt.obl(Registry.obs)
518  RegisterFontResource                               isrt.obl(Misc.obs)
519  ReleaseDialog                                      isrt.obl(CustomDialog.obs)
520  SdAskDestPath2                                     isrt.obl(ISRTScriptDialogs.obs)
521  SdCloseDlg                                         isrt.obl(SDINT.obs)
522  SdComponentDlgCheckSpace                           isrt.obl(SDINT.obs)
523  SdDlgToTop                                         isrt.obl(SDINT.obs)
524  SdDoStdButton                                      isrt.obl(SDINT.obs)
525  SdEnablement                                       isrt.obl(SDINT.obs)
526  SdError                                            isrt.obl(SDINT.obs)
527  SdExceptionsInit                                   isrt.obl(ISRTScriptDialogsPriv.obs)
528  SdFeatureTree                                      isrt.obl(ISRTScriptDialogs.obs)
529  SdFinish                                           isrt.obl(ISRTScriptDialogs.obs)
530  SdFinishReboot                                     isrt.obl(ISRTScriptDialogs.obs)
531  SdGeneralInit                                      isrt.obl(SDINT.obs)
532  SdInit                                             isrt.obl(SDINT.obs)
533  SdIsStdButton                                      isrt.obl(SDINT.obs)
534  SdLicense2Ex                                       isrt.obl(ISRTScriptDialogs.obs)
535  SdLoadString                                       isrt.obl(SDINT.obs)
536  SdMakeName                                         isrt.obl(SDINT.obs)
537  SdPlugInProductName                                isrt.obl(SDINT.obs)
538  SdRegisterUser                                     isrt.obl(ISRTScriptDialogs.obs)
539  SdSetDlgTitle                                      isrt.obl(SDINT.obs)
540  SdSetStatic                                        isrt.obl(SDINT.obs)
541  SdShowMsg                                          isrt.obl(ISRTScriptDialogsPriv.obs)
542  SdStartCopy2                                       isrt.obl(ISRTScriptDialogs.obs)
543  SdSubstituteProductInfo                            isrt.obl(SDINT.obs)
544  SdUnInit                                           isrt.obl(SDINT.obs)
545  SdWelcome                                          isrt.obl(ISRTScriptDialogs.obs)
546  SdWelcomeMaint                                     isrt.obl(ISRTScriptDialogs.obs)
547  SelectDir                                          isrt.obl(ISRTScriptDialogsPriv.obs)
548  SelectDirNoLog                                     isrt.obl(ISRTScriptDialogsPriv.obs)
549  SendMessage                                        isrt.obl(Misc.obs)
550  ServiceInitParams                                  isrt.obl(Service.obs)
551  SetCmdLine                                         isrt.obl(SysVars.obs)
552  SetDialogTitle                                     isrt.obl(Dialogs.obs)
553  SetDisplayEffect                                   isrt.obl(ui.obs)
554  SetExtendedErrInfo                                 isrt.obl(IsUtil.obs)
555  SetStatus                                          ifx.obl(EventsSetupPriv.obs)
556  SetStatusEx                                        ifx.obl(EventsSetupPriv.obs)
557  SetStatusExStaticText                              isrt.obl(ui.obs)
558  SetStatusWindow                                    isrt.obl(ui.obs)
559  SetTitle                                           isrt.obl(ui.obs)
560  SetupTraceWrite                                    isrt.obl(Misc.obs)
561  ShowObjWizardPages                                 isrt.obl(Objects.obs)
562  ShowWizardPages                                    isrt.obl(Driver.obs)
563  SilentCreateFile                                   isrt.obl(Silent.obs)
564  SilentDoGeneralInfo                                isrt.obl(Silent.obs)
565  SilentFailed                                       isrt.obl(Silent.obs)
566  SilentFinish                                       isrt.obl(Silent.obs)
567  SilentInit                                         isrt.obl(Silent.obs)
568  SilentLogWriteData                                 isrt.obl(Silent.obs)
569  SilentReadData                                     isrt.obl(Silent.obs)
570  SilentSetInfo                                      isrt.obl(Silent.obs)
571  SilentSetMode                                      isrt.obl(Silent.obs)
572  SilentWriteData                                    isrt.obl(Silent.obs)
573  Sprintf                                            isrt.obl(Str.obs)
574  SprintfBox                                         isrt.obl(ISRTScriptDialogsPriv.obs)
575  StatusUpdate                                       isrt.obl(ui.obs)
576  StrAddLastSlash                                    isrt.obl(Str.obs)
577  StrConvertSizeUnit                                 isrt.obl(Str.obs)
578  StrFindEx                                          isrt.obl(Str.obs)
579  StrGetTokens                                       isrt.obl(Str.obs)
580  StrLength                                          isrt.obl(Str.obs)
581  StrRemoveLastSlash                                 isrt.obl(Str.obs)
582  StrReplace                                         isrt.obl(Str.obs)
583  StrToNumHex                                        isrt.obl(Str.obs)
584  StrToUpper                                         isrt.obl(Str.obs)
585  StrTrim                                            isrt.obl(Str.obs)
586  SuiteLogInfo                                       isrt.obl(SuiteWrappers.obs)
587  SuiteReportError                                   isrt.obl(SuiteWrappers.obs)
588  SysVarsInit                                        isrt.obl(SysVars.obs)
589  SysVarsTrace                                       isrt.obl(SysVars.obs)
590  SysVarsUnInit                                      isrt.obl(SysVars.obs)
591  System                                             isrt.obl(Misc.obs)
592  SystemRestoreCancelRestorePointIS                  isrt.obl(PCRestore.obs)
593  SystemRestoreCloseRestorePointIS                   isrt.obl(PCRestore.obs)
594  SystemRestoreDisableIS                             isrt.obl(PCRestore.obs)
595  SystemRestoreIsEnabledIS                           isrt.obl(PCRestore.obs)
596  SystemRestoreOpenRestorePointIS                    isrt.obl(PCRestore.obs)
597  TextSubGetValue                                    isrt.obl(TextSub.obs)
598  TextSubParseTextSub                                isrt.obl(TextSub.obs)
599  TextSubSetValue                                    isrt.obl(TextSub.obs)
600  TextSubSubstitute                                  isrt.obl(TextSub.obs)
601  TreeViewCreate                                     isrt.obl(CmptView.obs)
602  USER.EnableWindow                                  Setup.obs
603  USER.GetClassName                                  Setup.obs
604  USER.GetDC                                         Setup.obs
605  USER.GetDlgItem                                    Setup.obs
606  USER.GetFocus                                      Setup.obs
607  USER.GetWindowLong                                 Setup.obs
608  USER.GetWindowRect                                 Setup.obs
609  USER.IsIconic                                      Setup.obs
610  USER.IsWindow                                      Setup.obs
611  USER.PostMessage                                   Setup.obs
612  USER.ReleaseDC                                     Setup.obs
613  USER.SendMessageW                                  Setup.obs
614  USER.SetFocus                                      Setup.obs
615  USER.SetWindowPos                                  Setup.obs
616  USER.SetWindowText                                 Setup.obs
617  USER.ShowWindow                                    Setup.obs
618  USER32.CharUpperBuffW                              Setup.obs
619  USER32.DispatchMessage                             Setup.obs
620  USER32.GetDesktopWindow                            Setup.obs
621  USER32.GetSystemMetrics                            Setup.obs
622  USER32.GetWindowText                               Setup.obs
623  USER32.GetWindowTextLength                         Setup.obs
624  USER32.IsWindowVisible                             Setup.obs
625  USER32.MessageBoxW                                 Setup.obs
626  USER32.PeekMessageW                                Setup.obs
627  USER32.SendMessageW                                Setup.obs
628  USER32.SetForegroundWindow                         Setup.obs
629  USER32.SetWindowLong                               Setup.obs
630  USER32.SetWindowRgn                                Setup.obs
631  USER32.TranslateMessage                            Setup.obs
632  UpdateServiceEnableUpdateService                   isrt.obl(ISUpdateService.obs)
633  VarInit                                            isrt.obl(SysVars.obs)
634  VarRestore                                         isrt.obl(SysVars.obs)
635  VarRestoreISRT                                     isrt.obl(SysVars.obs)
636  VarSave                                            isrt.obl(SysVars.obs)
637  VarSaveISRT                                        isrt.obl(SysVars.obs)
638  VerCompare                                         isrt.obl(version.obs)
639  VerProductCompareVersions                          isrt.obl(version.obs)
640  VerProductGetInstalledVersion                      isrt.obl(version.obs)
641  VerProductIsVersionSupported                       isrt.obl(version.obs)
642  VerProductNumToStr                                 isrt.obl(version.obs)
643  VerProductStrToNum                                 isrt.obl(version.obs)
644  VerProductVerFromVerParts                          isrt.obl(version.obs)
645  VerProductVerPartsFromVer                          isrt.obl(version.obs)
646  WaitOnDialog                                       isrt.obl(CustomDialog.obs)
647  WizardDirection                                    ifx.obl(EventsSetupPriv.obs)
648  WriteLine                                          isrt.obl(Files.obs)
649  WriteProfInt                                       isrt.obl(Profile.obs)
650  WriteProfString                                    isrt.obl(Profile.obs)
651  WriteProperties                                    ifx.obl(PersistPropertyBag.obs)
652  __ISRTDoExit                                       isrt.obl(Misc.obs)
653  __ISRTInit                                         isrt.obl(ISRTInit.obs)
654  __ISRTRestoreMainLog                               isrt.obl(ISRTInit.obs)
655  __ISRTRestoreMainLogEx                             isrt.obl(ISRTInit.obs)
656  __ISRTSetComponentLog                              isrt.obl(ISRTInit.obs)
657  __ISRTUnInit                                       isrt.obl(ISRTInit.obs)
658  __LoadIScriptString                                isrt.obl(LoadStr.obs)
659  program                                            ifx.obl(EventsSetupPriv.obs)
660  sfc.SRSetRestorePointW                             Setup.obs


***** External Variables *****
1    ADDREMOVE                                          isrt.obl(DebugSymbols.obs)
2    ADDREMOVE_COMBINEDBUTTON                           Setup.obs
3    ADDREMOVE_HIDECHANGEOPTION                         Setup.obs
4    ADDREMOVE_HIDEREMOVEOPTION                         Setup.obs
5    ADDREMOVE_HIDEREPAIROPTION                         Setup.obs
6    ADDREMOVE_STRING_REMOVEONLY                        Setup.obs
7    ADDREMOVE_SYSTEMCOMPONENT                          Setup.obs
8    ADMINUSER                                          Setup.obs
9    ALLUSERS                                           Setup.obs
10   BASICMSI                                           isrt.obl(DebugSymbols.obs)
11   BATCH_INSTALL                                      Setup.obs
12   CMDLINE                                            isrt.obl(DebugSymbols.obs)
13   COMMONFILES                                        isrt.obl(DebugSymbols.obs)
14   COMMONFILES64                                      isrt.obl(DebugSymbols.obs)
15   DISABLE_ALLUSERBTN                                 Setup.obs
16   DISABLE_PERUSERBTN                                 Setup.obs
17   DISK1SETUPEXENAME                                  isrt.obl(DebugSymbols.obs)
18   DISK1TARGET                                        Setup.obs
19   ENABLED_ISERVICES                                  isrt.obl(DebugSymbols.obs)
20   ENGINECOMMONDIR                                    isrt.obl(DebugSymbols.obs)
21   ENGINEDIR                                          isrt.obl(DebugSymbols.obs)
22   ERRORFILENAME                                      Setup.obs
23   Err                                                Setup.obs
24   FILETIME                                           Setup.obs
25   FIND_DATAW                                         Setup.obs
26   FOLDER_APPDATA                                     isrt.obl(DebugSymbols.obs)
27   FOLDER_COMMON_APPDATA                              isrt.obl(DebugSymbols.obs)
28   FOLDER_DESKTOP                                     isrt.obl(DebugSymbols.obs)
29   FOLDER_DOTNET_10                                   isrt.obl(DebugSymbols.obs)
30   FOLDER_DOTNET_11                                   isrt.obl(DebugSymbols.obs)
31   FOLDER_DOTNET_20                                   isrt.obl(DebugSymbols.obs)
32   FOLDER_DOTNET_30                                   isrt.obl(DebugSymbols.obs)
33   FOLDER_DOTNET_35                                   isrt.obl(DebugSymbols.obs)
34   FOLDER_DOTNET_40                                   isrt.obl(DebugSymbols.obs)
35   FOLDER_FONTS                                       isrt.obl(DebugSymbols.obs)
36   FOLDER_LOCAL_APPDATA                               isrt.obl(DebugSymbols.obs)
37   FOLDER_PERSONAL                                    isrt.obl(DebugSymbols.obs)
38   FOLDER_PROGRAMS                                    isrt.obl(DebugSymbols.obs)
39   FOLDER_STARTMENU                                   isrt.obl(DebugSymbols.obs)
40   FOLDER_STARTUP                                     isrt.obl(DebugSymbols.obs)
41   FOLDER_TEMP                                        isrt.obl(DebugSymbols.obs)
42   FileRegistrar                                      Setup.obs
43   HIDE_DISABLED_BTNS                                 Setup.obs
44   HKEYCURRENTROOTKEY                                 Setup.obs
45   IFX_COMPANY_NAME                                   Setup.obs
46   IFX_DISK1INSTALLED                                 Setup.obs
47   IFX_INITIALIZED                                    Setup.obs
48   IFX_INSTALLED_DISPLAY_VERSION                      Setup.obs
49   IFX_INSTALLED_VERSION                              Setup.obs
50   IFX_KEYPATH_PRODUCT_INFO                           Setup.obs
51   IFX_MULTI_INSTANCE_SUFFIX                          Setup.obs
52   IFX_OPEN_RESTORE_POINT                             isrt.obl(PCRestore.obs)
53   IFX_PRODUCT_COMMENTS                               Setup.obs
54   IFX_PRODUCT_DISPLAY_NAME                           Setup.obs
55   IFX_PRODUCT_DISPLAY_VERSION                        Setup.obs
56   IFX_PRODUCT_ICON                                   Setup.obs
57   IFX_PRODUCT_KEY                                    Setup.obs
58   IFX_PRODUCT_NAME                                   Setup.obs
59   IFX_PRODUCT_README                                 Setup.obs
60   IFX_PRODUCT_REGISTEREDCOMPANY                      Setup.obs
61   IFX_PRODUCT_REGISTEREDOWNER                        Setup.obs
62   IFX_PRODUCT_REGISTEREDSERIALNUM                    Setup.obs
63   IFX_PRODUCT_SUPPORT_CONTACT                        Setup.obs
64   IFX_PRODUCT_SUPPORT_PHONE                          Setup.obs
65   IFX_PRODUCT_SUPPORT_URL                            Setup.obs
66   IFX_PRODUCT_UPDATE_URL                             Setup.obs
67   IFX_PRODUCT_URL                                    Setup.obs
68   IFX_PRODUCT_VERSION                                Setup.obs
69   IFX_RESTORE_DISABLED                               isrt.obl(PCRestore.obs)
70   IFX_SETUP_TITLE                                    Setup.obs
71   IFX_SUPPORTED_VERSIONS                             Setup.obs
72   IISROOTFOLDER                                      isrt.obl(DebugSymbols.obs)
73   INSTALLSCRIPTMSI                                   isrt.obl(DebugSymbols.obs)
74   INSTALLSCRIPTMSIEEUI                               isrt.obl(DebugSymbols.obs)
75   INSTANCE_GUID                                      isrt.obl(DebugSymbols.obs)
76   ISDIFXAPPID                                        Setup.obs
77   ISRES                                              isrt.obl(DebugSymbols.obs)
78   ISUSER                                             isrt.obl(DebugSymbols.obs)
79   ISUTIL_FUNCTION_ACTUAL_ERROR                       Setup.obs
80   ISUTIL_LINE_NUMBER                                 Setup.obs
81   ISUTIL_SCRIPT_FILE                                 Setup.obs
82   ISVERSION                                          isrt.obl(DebugSymbols.obs)
83   IS_NULLSTR_PTR                                     Setup.obs
84   InetSRCDIR                                         Setup.obs
85   LAAW_PARAMETERS                                    Setup.obs
86   LAAW_SHELLEXECUTEINFO                              Setup.obs
87   LAAW_SHELLEXECUTEVERB                              Setup.obs
88   LAAW_STARTUPINFO                                   Setup.obs
89   LAST_RESULT                                        Setup.obs
90   LogDB                                              Setup.obs
91   MAINTENANCE                                        isrt.obl(DebugSymbols.obs)
92   MAINT_OPTION                                       isrt.obl(DebugSymbols.obs)
93   MEDIA                                              Setup.obs
94   MEDIA_INFO                                         isrt.obl(Feature.obs)
95   MODE                                               Setup.obs
96   MSG                                                Setup.obs
97   MULTI_INSTANCE_COUNT                               isrt.obl(DebugSymbols.obs)
98   MainWindow                                         Setup.obs
99   NOTHING                                            Setup.obs
100  OSINFO_PLATFORM_INFO                               Setup.obs
101  OSINFO_PROCESSOR_INFO                              Setup.obs
102  OSVERSIONINFOEXW                                   Setup.obs
103  OSVERSIONINFOW                                     Setup.obs
104  Objects                                            Setup.obs
105  PACKAGE_LOCATION                                   isrt.obl(DebugSymbols.obs)
106  POINT                                              Setup.obs
107  PRIVILEGED                                         Setup.obs
108  PRODUCT_GUID                                       isrt.obl(DebugSymbols.obs)
109  PROGRAMFILES                                       isrt.obl(DebugSymbols.obs)
110  PROGRAMFILES64                                     isrt.obl(DebugSymbols.obs)
111  RECT                                               Setup.obs
112  REGDB_OPTIONS                                      Setup.obs
113  REINSTALLMODE                                      isrt.obl(DebugSymbols.obs)
114  REMOVEALLMODE                                      isrt.obl(DebugSymbols.obs)
115  REMOVEONLY                                         isrt.obl(DebugSymbols.obs)
116  RUN_ONCE_PROGRAM                                   isrt.obl(DebugSymbols.obs)
117  Reboot                                             Setup.obs
118  SELECTED_LANGUAGE                                  isrt.obl(DebugSymbols.obs)
119  SERVICE_IS_PARAMS                                  Setup.obs
120  SETUPEXENAME                                       isrt.obl(DebugSymbols.obs)
121  SETUPTYPE_STR_COMPACT                              Setup.obs
122  SETUPTYPE_STR_COMPLETE                             Setup.obs
123  SETUPTYPE_STR_CUSTOM                               Setup.obs
124  SETUPTYPE_STR_TYPICAL                              Setup.obs
125  SHAREDSUPPORTDIR                                   isrt.obl(DebugSymbols.obs)
126  SHELLEXECUTEINFOW                                  Setup.obs
127  SHELL_OBJECT_FOLDER                                Setup.obs
128  SHOW_PASSWORD_DIALOG                               isrt.obl(DebugSymbols.obs)
129  SRCDIR                                             Setup.obs
130  SRCDISK                                            isrt.obl(DebugSymbols.obs)
131  STANDARD_SELECTED_LANGUAGE                         isrt.obl(DebugSymbols.obs)
132  STARTUPINFOW                                       Setup.obs
133  SUITE_HOSTED                                       isrt.obl(DebugSymbols.obs)
134  SUPPORTDIR                                         isrt.obl(DebugSymbols.obs)
135  SYSINFO                                            Setup.obs
136  SYSPROCESSORINFO                                   Setup.obs
137  SYSTEMTIME                                         Setup.obs
138  SetupInfo                                          Setup.obs
139  StatusDlg                                          Setup.obs
140  SuiteHost                                          Setup.obs
141  TARGETDIR                                          Setup.obs
142  TARGETDISK                                         isrt.obl(DebugSymbols.obs)
143  TextSub                                            Setup.obs
144  UNINST                                             Setup.obs
145  UNINSTALLKEY                                       Setup.obs
146  UNINSTALL_DISPLAYNAME                              Setup.obs
147  UNINSTALL_STRING                                   Setup.obs
148  UPDATEMODE                                         Setup.obs
149  WINDIR                                             isrt.obl(DebugSymbols.obs)
150  WINDISK                                            isrt.obl(DebugSymbols.obs)
151  WINSYSDIR                                          isrt.obl(DebugSymbols.obs)
152  WINSYSDIR64                                        isrt.obl(DebugSymbols.obs)
153  WINSYSDISK                                         isrt.obl(DebugSymbols.obs)
154  _FONTFILEINFO                                      Setup.obs
155  _INT64                                             Setup.obs
156  _ISDIFXINSTALLERINFO                               isrt.obl(ISDIFx.obs)
157  _LAAW_PARAMETERS                                   Setup.obs
158  _RESTOREPOINTINFO                                  Setup.obs
159  _SERVICE_IS_PARAMS                                 Setup.obs
160  _STATEMGRSTATUS                                    Setup.obs
161  _WIN9X                                             Setup.obs
162  _WINNT                                             Setup.obs
163  __hContext                                         Setup.obs
164  __objGlobalTextSub                                 Setup.obs
165  __szGUID                                           Setup.obs
166  bBackButton                                        Setup.obs
167  bCancelButton                                      Setup.obs
168  bEnterDiskBeep                                     Setup.obs
169  bFinishButton                                      Setup.obs
170  bIFXLFNoToAll                                      Setup.obs
171  bIFXLFOnRebootToAll                                Setup.obs
172  bIFXLFYesToAll                                     Setup.obs
173  bIFXMD5IgnoreToAll                                 Setup.obs
174  bIFXRONoToAll                                      Setup.obs
175  bIFXROYesToAll                                     Setup.obs
176  bIFXSFNoToAll                                      Setup.obs
177  bIFXSFYesToAll                                     Setup.obs
178  bInstall16                                         Setup.obs
179  bNextButton                                        Setup.obs
180  bSdInit                                            Setup.obs
181  bViewCmptKunits                                    Setup.obs
182  bViewCmptUseDecimal                                Setup.obs
183  g_bSuppressMissingStringWarning                    isrt.obl(Enable.obs)
184  nDlgEnterPassword                                  Setup.obs
185  nDlgMessageBox                                     Setup.obs
186  nDlgSelectDir                                      Setup.obs
187  nDlgSprintfBox                                     Setup.obs
188  nSdAskDestPath2                                    Setup.obs
189  nSdComponentTree                                   Setup.obs
190  nSdFinish                                          Setup.obs
191  nSdFinishReboot                                    Setup.obs
192  nSdLicense2                                        Setup.obs
193  nSdLicense2Rtf                                     Setup.obs
194  nSdRegisterUser                                    Setup.obs
195  nSdStartCopy2                                      Setup.obs
196  nSdWelcome                                         Setup.obs
197  nSdWelcomeMaint                                    Setup.obs
198  szAppKey                                           Setup.obs
199  szSdProduct                                        Setup.obs
200  szSdStr_NotEnoughSpace                             Setup.obs
